vivek333@C272LCOK:~$  ./funct1.sh
-bash: ./funct1.sh: No such file or directory
vivek333@C272LCOK:~$ nano
vivek333@C272LCOK:~$ chmod 774 first.sh
vivek333@C272LCOK:~$ #!/bin/bash
vivek333@C272LCOK:~$ cat first.sh
echo The script title is $0
echo The first argument is $1
echo The second argument is $2
echo The third argument is $3
vivek333@C272LCOK:~$ ./first.sh
The script title is ./first.sh
The first argument is
The second argument is
The third argument is
vivek333@C272LCOK:~$ nano first.sh
vivek333@C272LCOK:~$ ./first.sh 14 12 34
The script title is ./first.sh
The first argument is 14
The second argument is 12
The third argument is 34
vivek333@C272LCOK:~$ nano
vivek333@C272LCOK:~$ chmod 774 animal.sh
vivek333@C272LCOK:~$ ls -il animal.sh
406 -rwxrwxr-- 1 vivek333 vivek333 260 Jan  7 22:15 animal.sh
vivek333@C272LCOK:~$ cat animal.sh
echo "enter fav dog breed"
read breed
if [ $breed = lab ]
        then echo " i love lab "
elif [ $breed = pug ]
        then echo " i love pugs "
elif [ $breed = golden_retreiver ]
        then echo " i love retrevers "
        else echo " i love $breed "
fi
vivek333@C272LCOK:~$ #!/bin/bash
vivek333@C272LCOK:~$ ./animal.sh
enter fav dog breed
fish
 i love fish
vivek333@C272LCOK:~$ nano


Use "fg" to return to nano.

[1]+  Stopped                 nano
vivek333@C272LCOK:~$
vivek333@C272LCOK:~$ nano
vivek333@C272LCOK:~$ chmod 774 array.sh
vivek333@C272LCOK:~$ #!/bin/bash
vivek333@C272LCOK:~$ cat array.sh
friends=("tom" "harry" "peter" "john")
for frnd in "${friends[@]}"
        do
                echo "$frnd"
        done
vivek333@C272LCOK:~$ ./array.sh
tom
harry
peter
john
vivek333@C272LCOK:~$ nano
vivek333@C272LCOK:~$ chmod 777 oddeven.sh
vivek333@C272LCOK:~$ ls -il oddeven.sh
414 -rwxrwxrwx 1 vivek333 vivek333 125 Jan  7 22:22 oddeven.sh
vivek333@C272LCOK:~$ cat oddeven.sh
echo enter a number :
read number
if [ $((number % 2)) -eq 0 ]
        then echo even number
        else echo odd number
fi
vivek333@C272LCOK:~$ #!/bin/bash
vivek333@C272LCOK:~$ ./oddeven.sh
enter a number :
4
even number
vivek333@C272LCOK:~$ nano
vivek333@C272LCOK:~$ chmod 777 funct1.sh
vivek333@C272LCOK:~$ cat funct1.sh
funct1(){
        echo "function with arguments"
        echo "$1"
        echo "hello, $2"
}
funct1 $! $2
vivek333@C272LCOK:~$ #!/bin/bash
vivek333@C272LCOK:~$ ./funct1.sh
function with arguments

hello,
vivek333@C272LCOK:~$ ./funct1.sh 43 54 32
function with arguments
54
hello,
vivek333@C272LCOK:~$ ansible-galaxy init --force --offline vivekrole

Command 'ansible-galaxy' not found, but can be installed with:

sudo apt install ansible

vivek333@C272LCOK:~$ sudo apt install ansible
[sudo] password for vivek333:
Reading package lists... Done
Building dependency tree
Reading state information... Done
The following packages were automatically installed and are no longer required:
  libblas3 liblinear4 liblua5.3-0 lua-lpeg nmap-common
Use 'sudo apt autoremove' to remove them.
The following additional packages will be installed:
  ieee-data python3-argcomplete python3-crypto python3-dnspython python3-jmespath python3-kerberos python3-libcloud
  python3-lockfile python3-netaddr python3-ntlm-auth python3-requests-kerberos python3-requests-ntlm python3-selinux
  python3-winrm python3-xmltodict
Suggested packages:
  cowsay sshpass python-lockfile-doc ipython3 python-netaddr-docs
The following NEW packages will be installed:
  ansible ieee-data python3-argcomplete python3-crypto python3-dnspython python3-jmespath python3-kerberos
  python3-libcloud python3-lockfile python3-netaddr python3-ntlm-auth python3-requests-kerberos python3-requests-ntlm
  python3-selinux python3-winrm python3-xmltodict
0 upgraded, 16 newly installed, 0 to remove and 0 not upgraded.
Need to get 9644 kB of archives.
After this operation, 90.2 MB of additional disk space will be used.
Do you want to continue? [Y/n] y
Get:1 http://archive.ubuntu.com/ubuntu focal/main amd64 python3-crypto amd64 2.6.1-13ubuntu2 [237 kB]
Get:2 http://archive.ubuntu.com/ubuntu focal/main amd64 python3-dnspython all 1.16.0-1build1 [89.1 kB]
Get:3 http://archive.ubuntu.com/ubuntu focal/main amd64 ieee-data all 20180805.1 [1589 kB]
Get:4 http://archive.ubuntu.com/ubuntu focal-updates/main amd64 python3-netaddr all 0.7.19-3ubuntu1 [236 kB]
Get:5 http://archive.ubuntu.com/ubuntu focal/universe amd64 ansible all 2.9.6+dfsg-1 [5794 kB]
Get:6 http://archive.ubuntu.com/ubuntu focal/universe amd64 python3-argcomplete all 1.8.1-1.3ubuntu1 [27.2 kB]
Get:7 http://archive.ubuntu.com/ubuntu focal-updates/main amd64 python3-jmespath all 0.9.4-2ubuntu1 [21.5 kB]
Get:8 http://archive.ubuntu.com/ubuntu focal/universe amd64 python3-kerberos amd64 1.1.14-3.1build1 [22.6 kB]
Get:9 http://archive.ubuntu.com/ubuntu focal/main amd64 python3-lockfile all 1:0.12.2-2ubuntu2 [14.6 kB]
Get:10 http://archive.ubuntu.com/ubuntu focal/universe amd64 python3-libcloud all 2.8.0-1 [1403 kB]
Get:11 http://archive.ubuntu.com/ubuntu focal/universe amd64 python3-ntlm-auth all 1.1.0-1 [19.6 kB]
Get:12 http://archive.ubuntu.com/ubuntu focal/universe amd64 python3-requests-kerberos all 0.12.0-2 [11.9 kB]
Get:13 http://archive.ubuntu.com/ubuntu focal/universe amd64 python3-requests-ntlm all 1.1.0-1 [6004 B]
Get:14 http://archive.ubuntu.com/ubuntu focal/universe amd64 python3-selinux amd64 3.0-1build2 [139 kB]
Get:15 http://archive.ubuntu.com/ubuntu focal/universe amd64 python3-xmltodict all 0.12.0-1 [12.6 kB]
Get:16 http://archive.ubuntu.com/ubuntu focal/universe amd64 python3-winrm all 0.3.0-2 [21.7 kB]
Fetched 9644 kB in 22s (429 kB/s)
Selecting previously unselected package python3-crypto.
(Reading database ... 33475 files and directories currently installed.)
Preparing to unpack .../00-python3-crypto_2.6.1-13ubuntu2_amd64.deb ...
Unpacking python3-crypto (2.6.1-13ubuntu2) ...
Selecting previously unselected package python3-dnspython.
Preparing to unpack .../01-python3-dnspython_1.16.0-1build1_all.deb ...
Unpacking python3-dnspython (1.16.0-1build1) ...
Selecting previously unselected package ieee-data.
Preparing to unpack .../02-ieee-data_20180805.1_all.deb ...
Unpacking ieee-data (20180805.1) ...
Selecting previously unselected package python3-netaddr.
Preparing to unpack .../03-python3-netaddr_0.7.19-3ubuntu1_all.deb ...
Unpacking python3-netaddr (0.7.19-3ubuntu1) ...
Selecting previously unselected package ansible.
Preparing to unpack .../04-ansible_2.9.6+dfsg-1_all.deb ...
Unpacking ansible (2.9.6+dfsg-1) ...
Selecting previously unselected package python3-argcomplete.
Preparing to unpack .../05-python3-argcomplete_1.8.1-1.3ubuntu1_all.deb ...
Unpacking python3-argcomplete (1.8.1-1.3ubuntu1) ...
Selecting previously unselected package python3-jmespath.
Preparing to unpack .../06-python3-jmespath_0.9.4-2ubuntu1_all.deb ...
Unpacking python3-jmespath (0.9.4-2ubuntu1) ...
Selecting previously unselected package python3-kerberos.
Preparing to unpack .../07-python3-kerberos_1.1.14-3.1build1_amd64.deb ...
Unpacking python3-kerberos (1.1.14-3.1build1) ...
Selecting previously unselected package python3-lockfile.
Preparing to unpack .../08-python3-lockfile_1%3a0.12.2-2ubuntu2_all.deb ...
Unpacking python3-lockfile (1:0.12.2-2ubuntu2) ...
Selecting previously unselected package python3-libcloud.
Preparing to unpack .../09-python3-libcloud_2.8.0-1_all.deb ...
Unpacking python3-libcloud (2.8.0-1) ...
Selecting previously unselected package python3-ntlm-auth.
Preparing to unpack .../10-python3-ntlm-auth_1.1.0-1_all.deb ...
Unpacking python3-ntlm-auth (1.1.0-1) ...
Selecting previously unselected package python3-requests-kerberos.
Preparing to unpack .../11-python3-requests-kerberos_0.12.0-2_all.deb ...
Unpacking python3-requests-kerberos (0.12.0-2) ...
Selecting previously unselected package python3-requests-ntlm.
Preparing to unpack .../12-python3-requests-ntlm_1.1.0-1_all.deb ...
Unpacking python3-requests-ntlm (1.1.0-1) ...
Selecting previously unselected package python3-selinux.
Preparing to unpack .../13-python3-selinux_3.0-1build2_amd64.deb ...
Unpacking python3-selinux (3.0-1build2) ...
Selecting previously unselected package python3-xmltodict.
Preparing to unpack .../14-python3-xmltodict_0.12.0-1_all.deb ...
Unpacking python3-xmltodict (0.12.0-1) ...
Selecting previously unselected package python3-winrm.
Preparing to unpack .../15-python3-winrm_0.3.0-2_all.deb ...
Unpacking python3-winrm (0.3.0-2) ...
Setting up python3-lockfile (1:0.12.2-2ubuntu2) ...
Setting up python3-ntlm-auth (1.1.0-1) ...
Setting up python3-kerberos (1.1.14-3.1build1) ...
Setting up python3-xmltodict (0.12.0-1) ...
Setting up python3-jmespath (0.9.4-2ubuntu1) ...
Setting up python3-requests-kerberos (0.12.0-2) ...
Setting up ieee-data (20180805.1) ...
Setting up python3-dnspython (1.16.0-1build1) ...
Setting up python3-selinux (3.0-1build2) ...
Setting up python3-crypto (2.6.1-13ubuntu2) ...
Setting up python3-argcomplete (1.8.1-1.3ubuntu1) ...
Setting up python3-requests-ntlm (1.1.0-1) ...
Setting up python3-libcloud (2.8.0-1) ...
Setting up python3-netaddr (0.7.19-3ubuntu1) ...
Setting up python3-winrm (0.3.0-2) ...
Setting up ansible (2.9.6+dfsg-1) ...
Processing triggers for man-db (2.9.1-1) ...
vivek333@C272LCOK:~$ ansible-galaxy init --force --offline vivekrole
- Role vivekrole was created successfully
vivek333@C272LCOK:~$ tree vivekrole

Command 'tree' not found, but can be installed with:

sudo apt install tree

vivek333@C272LCOK:~$ sudo apt install tree
Reading package lists... Done
Building dependency tree
Reading state information... Done
The following packages were automatically installed and are no longer required:
  libblas3 liblinear4 liblua5.3-0 lua-lpeg nmap-common
Use 'sudo apt autoremove' to remove them.
The following NEW packages will be installed:
  tree
0 upgraded, 1 newly installed, 0 to remove and 0 not upgraded.
Need to get 43.0 kB of archives.
After this operation, 115 kB of additional disk space will be used.
Get:1 http://archive.ubuntu.com/ubuntu focal/universe amd64 tree amd64 1.8.0-1 [43.0 kB]
Fetched 43.0 kB in 2s (26.5 kB/s)
Selecting previously unselected package tree.
(Reading database ... 42918 files and directories currently installed.)
Preparing to unpack .../tree_1.8.0-1_amd64.deb ...
Unpacking tree (1.8.0-1) ...
Setting up tree (1.8.0-1) ...
Processing triggers for man-db (2.9.1-1) ...
vivek333@C272LCOK:~$ tree vivekrole
vivekrole
├── README.md
├── defaults
│   └── main.yml
├── files
├── handlers
│   └── main.yml
├── meta
│   └── main.yml
├── tasks
│   └── main.yml
├── templates
├── tests
│   ├── inventory
│   └── test.yml
└── vars
    └── main.yml

8 directories, 8 files
vivek333@C272LCOK:~$ cd vivekrole/
vivek333@C272LCOK:~/vivekrole$ ls
README.md  defaults  files  handlers  meta  tasks  templates  tests  vars
vivek333@C272LCOK:~/vivekrole$